  Determining projects to restore...
  All projects are up-to-date for restore.
  UknfCommunicationPlatform.Core -> C:\Users\JanChlebek\OneDrive - Clouds On Mars\Documents\HackYeah2025-Hackaton\backend\UknfCommunicationPlatform.Core\bin\Debug\net9.0\UknfCommunicationPlatform.Core.dll
  UknfCommunicationPlatform.Infrastructure -> C:\Users\JanChlebek\OneDrive - Clouds On Mars\Documents\HackYeah2025-Hackaton\backend\UknfCommunicationPlatform.Infrastructure\bin\Debug\net9.0\UknfCommunicationPlatform.Infrastructure.dll
  UknfCommunicationPlatform.Api -> C:\Users\JanChlebek\OneDrive - Clouds On Mars\Documents\HackYeah2025-Hackaton\backend\UknfCommunicationPlatform.Api\bin\Debug\net9.0\UknfCommunicationPlatform.Api.dll
  UknfCommunicationPlatform.Tests.Unit -> C:\Users\JanChlebek\OneDrive - Clouds On Mars\Documents\HackYeah2025-Hackaton\backend\UknfCommunicationPlatform.Tests.Unit\bin\Debug\net9.0\UknfCommunicationPlatform.Tests.Unit.dll
Test run for C:\Users\JanChlebek\OneDrive - Clouds On Mars\Documents\HackYeah2025-Hackaton\backend\UknfCommunicationPlatform.Tests.Unit\bin\Debug\net9.0\UknfCommunicationPlatform.Tests.Unit.dll (.NETCoreApp,Version=v9.0)
  UknfCommunicationPlatform.Tests.Integration -> C:\Users\JanChlebek\OneDrive - Clouds On Mars\Documents\HackYeah2025-Hackaton\backend\UknfCommunicationPlatform.Tests.Integration\bin\Debug\net9.0\UknfCommunicationPlatform.Tests.Integration.dll
VSTest version 17.12.0 (x64)
Test run for C:\Users\JanChlebek\OneDrive - Clouds On Mars\Documents\HackYeah2025-Hackaton\backend\UknfCommunicationPlatform.Tests.Integration\bin\Debug\net9.0\UknfCommunicationPlatform.Tests.Integration.dll (.NETCoreApp,Version=v9.0)

VSTest version 17.12.0 (x64)

Starting test execution, please wait...
A total of 1 test files matched the specified pattern.
Starting test execution, please wait...
A total of 1 test files matched the specified pattern.

Passed!  - Failed:     0, Passed:   202, Skipped:     0, Total:   202, Duration: 17 s - UknfCommunicationPlatform.Tests.Unit.dll (net9.0)

Passed!  - Failed:     0, Passed:    20, Skipped:     0, Total:    20, Duration: 12 s - UknfCommunicationPlatform.Tests.Integration.dll (net9.0)
