  Determining projects to restore...
  All projects are up-to-date for restore.
  UknfCommunicationPlatform.Core -> /home/quasar/src/hackyeah/HackYeah2025-Hackaton/backend/UknfCommunicationPlatform.Core/bin/Debug/net9.0/UknfCommunicationPlatform.Core.dll
/home/quasar/src/hackyeah/HackYeah2025-Hackaton/backend/UknfCommunicationPlatform.Infrastructure/Data/DatabaseSeeder.cs(925,28): warning CS8629: Nullable value type may be null. [/home/quasar/src/hackyeah/HackYeah2025-Hackaton/backend/UknfCommunicationPlatform.Infrastructure/UknfCommunicationPlatform.Infrastructure.csproj]
/home/quasar/src/hackyeah/HackYeah2025-Hackaton/backend/UknfCommunicationPlatform.Infrastructure/Data/DatabaseSeeder.cs(944,28): warning CS8629: Nullable value type may be null. [/home/quasar/src/hackyeah/HackYeah2025-Hackaton/backend/UknfCommunicationPlatform.Infrastructure/UknfCommunicationPlatform.Infrastructure.csproj]
/home/quasar/src/hackyeah/HackYeah2025-Hackaton/backend/UknfCommunicationPlatform.Infrastructure/Services/EntityManagementService.cs(175,22): warning CS8601: Possible null reference assignment. [/home/quasar/src/hackyeah/HackYeah2025-Hackaton/backend/UknfCommunicationPlatform.Infrastructure/UknfCommunicationPlatform.Infrastructure.csproj]
/home/quasar/src/hackyeah/HackYeah2025-Hackaton/backend/UknfCommunicationPlatform.Infrastructure/Services/EntityManagementService.cs(176,30): warning CS8601: Possible null reference assignment. [/home/quasar/src/hackyeah/HackYeah2025-Hackaton/backend/UknfCommunicationPlatform.Infrastructure/UknfCommunicationPlatform.Infrastructure.csproj]
/home/quasar/src/hackyeah/HackYeah2025-Hackaton/backend/UknfCommunicationPlatform.Infrastructure/Services/EntityManagementService.cs(178,26): warning CS8601: Possible null reference assignment. [/home/quasar/src/hackyeah/HackYeah2025-Hackaton/backend/UknfCommunicationPlatform.Infrastructure/UknfCommunicationPlatform.Infrastructure.csproj]
/home/quasar/src/hackyeah/HackYeah2025-Hackaton/backend/UknfCommunicationPlatform.Infrastructure/Services/EntityManagementService.cs(179,20): warning CS8601: Possible null reference assignment. [/home/quasar/src/hackyeah/HackYeah2025-Hackaton/backend/UknfCommunicationPlatform.Infrastructure/UknfCommunicationPlatform.Infrastructure.csproj]
/home/quasar/src/hackyeah/HackYeah2025-Hackaton/backend/UknfCommunicationPlatform.Infrastructure/Services/EntityManagementService.cs(182,21): warning CS8601: Possible null reference assignment. [/home/quasar/src/hackyeah/HackYeah2025-Hackaton/backend/UknfCommunicationPlatform.Infrastructure/UknfCommunicationPlatform.Infrastructure.csproj]
/home/quasar/src/hackyeah/HackYeah2025-Hackaton/backend/UknfCommunicationPlatform.Infrastructure/Services/EntityManagementService.cs(229,25): warning CS8601: Possible null reference assignment. [/home/quasar/src/hackyeah/HackYeah2025-Hackaton/backend/UknfCommunicationPlatform.Infrastructure/UknfCommunicationPlatform.Infrastructure.csproj]
/home/quasar/src/hackyeah/HackYeah2025-Hackaton/backend/UknfCommunicationPlatform.Infrastructure/Services/EntityManagementService.cs(230,33): warning CS8601: Possible null reference assignment. [/home/quasar/src/hackyeah/HackYeah2025-Hackaton/backend/UknfCommunicationPlatform.Infrastructure/UknfCommunicationPlatform.Infrastructure.csproj]
/home/quasar/src/hackyeah/HackYeah2025-Hackaton/backend/UknfCommunicationPlatform.Infrastructure/Services/EntityManagementService.cs(232,29): warning CS8601: Possible null reference assignment. [/home/quasar/src/hackyeah/HackYeah2025-Hackaton/backend/UknfCommunicationPlatform.Infrastructure/UknfCommunicationPlatform.Infrastructure.csproj]
/home/quasar/src/hackyeah/HackYeah2025-Hackaton/backend/UknfCommunicationPlatform.Infrastructure/Services/EntityManagementService.cs(233,23): warning CS8601: Possible null reference assignment. [/home/quasar/src/hackyeah/HackYeah2025-Hackaton/backend/UknfCommunicationPlatform.Infrastructure/UknfCommunicationPlatform.Infrastructure.csproj]
/home/quasar/src/hackyeah/HackYeah2025-Hackaton/backend/UknfCommunicationPlatform.Infrastructure/Services/EntityManagementService.cs(236,24): warning CS8601: Possible null reference assignment. [/home/quasar/src/hackyeah/HackYeah2025-Hackaton/backend/UknfCommunicationPlatform.Infrastructure/UknfCommunicationPlatform.Infrastructure.csproj]
/home/quasar/src/hackyeah/HackYeah2025-Hackaton/backend/UknfCommunicationPlatform.Infrastructure/Data/DatabaseSeeder.cs(136,41): warning EF1002: Method 'ExecuteSqlRawAsync' inserts interpolated strings directly into the SQL, without any protection against SQL injection. Consider using 'ExecuteSqlAsync' instead, which protects against SQL injection, or make sure that the value is sanitized and suppress the warning. [/home/quasar/src/hackyeah/HackYeah2025-Hackaton/backend/UknfCommunicationPlatform.Infrastructure/UknfCommunicationPlatform.Infrastructure.csproj]
  UknfCommunicationPlatform.Infrastructure -> /home/quasar/src/hackyeah/HackYeah2025-Hackaton/backend/UknfCommunicationPlatform.Infrastructure/bin/Debug/net9.0/UknfCommunicationPlatform.Infrastructure.dll
  UknfCommunicationPlatform.Api -> /home/quasar/src/hackyeah/HackYeah2025-Hackaton/backend/UknfCommunicationPlatform.Api/bin/Debug/net9.0/UknfCommunicationPlatform.Api.dll
/home/quasar/src/hackyeah/HackYeah2025-Hackaton/backend/UknfCommunicationPlatform.Tests.Unit/Controllers/EntitiesControllerTests.cs(180,20): warning CS8602: Dereference of a possibly null reference. [/home/quasar/src/hackyeah/HackYeah2025-Hackaton/backend/UknfCommunicationPlatform.Tests.Unit/UknfCommunicationPlatform.Tests.Unit.csproj]
/home/quasar/src/hackyeah/HackYeah2025-Hackaton/backend/UknfCommunicationPlatform.Tests.Unit/Controllers/EntitiesControllerTests.cs(199,20): warning CS8602: Dereference of a possibly null reference. [/home/quasar/src/hackyeah/HackYeah2025-Hackaton/backend/UknfCommunicationPlatform.Tests.Unit/UknfCommunicationPlatform.Tests.Unit.csproj]
/home/quasar/src/hackyeah/HackYeah2025-Hackaton/backend/UknfCommunicationPlatform.Tests.Unit/Controllers/EntitiesControllerTests.cs(215,20): warning CS8602: Dereference of a possibly null reference. [/home/quasar/src/hackyeah/HackYeah2025-Hackaton/backend/UknfCommunicationPlatform.Tests.Unit/UknfCommunicationPlatform.Tests.Unit.csproj]
/home/quasar/src/hackyeah/HackYeah2025-Hackaton/backend/UknfCommunicationPlatform.Tests.Unit/Controllers/EntitiesControllerTests.cs(231,20): warning CS8602: Dereference of a possibly null reference. [/home/quasar/src/hackyeah/HackYeah2025-Hackaton/backend/UknfCommunicationPlatform.Tests.Unit/UknfCommunicationPlatform.Tests.Unit.csproj]
/home/quasar/src/hackyeah/HackYeah2025-Hackaton/backend/UknfCommunicationPlatform.Tests.Unit/Controllers/EntitiesControllerTests.cs(247,26): warning CS8602: Dereference of a possibly null reference. [/home/quasar/src/hackyeah/HackYeah2025-Hackaton/backend/UknfCommunicationPlatform.Tests.Unit/UknfCommunicationPlatform.Tests.Unit.csproj]
/home/quasar/src/hackyeah/HackYeah2025-Hackaton/backend/UknfCommunicationPlatform.Tests.Unit/Controllers/EntitiesControllerTests.cs(263,26): warning CS8602: Dereference of a possibly null reference. [/home/quasar/src/hackyeah/HackYeah2025-Hackaton/backend/UknfCommunicationPlatform.Tests.Unit/UknfCommunicationPlatform.Tests.Unit.csproj]
/home/quasar/src/hackyeah/HackYeah2025-Hackaton/backend/UknfCommunicationPlatform.Tests.Unit/Controllers/EntitiesControllerTests.cs(578,27): warning CS8602: Dereference of a possibly null reference. [/home/quasar/src/hackyeah/HackYeah2025-Hackaton/backend/UknfCommunicationPlatform.Tests.Unit/UknfCommunicationPlatform.Tests.Unit.csproj]
/home/quasar/src/hackyeah/HackYeah2025-Hackaton/backend/UknfCommunicationPlatform.Tests.Unit/Controllers/EntitiesControllerTests.cs(584,27): warning CS8602: Dereference of a possibly null reference. [/home/quasar/src/hackyeah/HackYeah2025-Hackaton/backend/UknfCommunicationPlatform.Tests.Unit/UknfCommunicationPlatform.Tests.Unit.csproj]
/home/quasar/src/hackyeah/HackYeah2025-Hackaton/backend/UknfCommunicationPlatform.Tests.Unit/Controllers/EntitiesControllerTests.cs(599,20): warning CS8602: Dereference of a possibly null reference. [/home/quasar/src/hackyeah/HackYeah2025-Hackaton/backend/UknfCommunicationPlatform.Tests.Unit/UknfCommunicationPlatform.Tests.Unit.csproj]
  UknfCommunicationPlatform.Tests.Integration -> /home/quasar/src/hackyeah/HackYeah2025-Hackaton/backend/UknfCommunicationPlatform.Tests.Integration/bin/Debug/net9.0/UknfCommunicationPlatform.Tests.Integration.dll
  UknfCommunicationPlatform.Tests.Unit -> /home/quasar/src/hackyeah/HackYeah2025-Hackaton/backend/UknfCommunicationPlatform.Tests.Unit/bin/Debug/net9.0/UknfCommunicationPlatform.Tests.Unit.dll

Build succeeded.

/home/quasar/src/hackyeah/HackYeah2025-Hackaton/backend/UknfCommunicationPlatform.Infrastructure/Data/DatabaseSeeder.cs(925,28): warning CS8629: Nullable value type may be null. [/home/quasar/src/hackyeah/HackYeah2025-Hackaton/backend/UknfCommunicationPlatform.Infrastructure/UknfCommunicationPlatform.Infrastructure.csproj]
/home/quasar/src/hackyeah/HackYeah2025-Hackaton/backend/UknfCommunicationPlatform.Infrastructure/Data/DatabaseSeeder.cs(944,28): warning CS8629: Nullable value type may be null. [/home/quasar/src/hackyeah/HackYeah2025-Hackaton/backend/UknfCommunicationPlatform.Infrastructure/UknfCommunicationPlatform.Infrastructure.csproj]
/home/quasar/src/hackyeah/HackYeah2025-Hackaton/backend/UknfCommunicationPlatform.Infrastructure/Services/EntityManagementService.cs(175,22): warning CS8601: Possible null reference assignment. [/home/quasar/src/hackyeah/HackYeah2025-Hackaton/backend/UknfCommunicationPlatform.Infrastructure/UknfCommunicationPlatform.Infrastructure.csproj]
/home/quasar/src/hackyeah/HackYeah2025-Hackaton/backend/UknfCommunicationPlatform.Infrastructure/Services/EntityManagementService.cs(176,30): warning CS8601: Possible null reference assignment. [/home/quasar/src/hackyeah/HackYeah2025-Hackaton/backend/UknfCommunicationPlatform.Infrastructure/UknfCommunicationPlatform.Infrastructure.csproj]
/home/quasar/src/hackyeah/HackYeah2025-Hackaton/backend/UknfCommunicationPlatform.Infrastructure/Services/EntityManagementService.cs(178,26): warning CS8601: Possible null reference assignment. [/home/quasar/src/hackyeah/HackYeah2025-Hackaton/backend/UknfCommunicationPlatform.Infrastructure/UknfCommunicationPlatform.Infrastructure.csproj]
/home/quasar/src/hackyeah/HackYeah2025-Hackaton/backend/UknfCommunicationPlatform.Infrastructure/Services/EntityManagementService.cs(179,20): warning CS8601: Possible null reference assignment. [/home/quasar/src/hackyeah/HackYeah2025-Hackaton/backend/UknfCommunicationPlatform.Infrastructure/UknfCommunicationPlatform.Infrastructure.csproj]
/home/quasar/src/hackyeah/HackYeah2025-Hackaton/backend/UknfCommunicationPlatform.Infrastructure/Services/EntityManagementService.cs(182,21): warning CS8601: Possible null reference assignment. [/home/quasar/src/hackyeah/HackYeah2025-Hackaton/backend/UknfCommunicationPlatform.Infrastructure/UknfCommunicationPlatform.Infrastructure.csproj]
/home/quasar/src/hackyeah/HackYeah2025-Hackaton/backend/UknfCommunicationPlatform.Infrastructure/Services/EntityManagementService.cs(229,25): warning CS8601: Possible null reference assignment. [/home/quasar/src/hackyeah/HackYeah2025-Hackaton/backend/UknfCommunicationPlatform.Infrastructure/UknfCommunicationPlatform.Infrastructure.csproj]
/home/quasar/src/hackyeah/HackYeah2025-Hackaton/backend/UknfCommunicationPlatform.Infrastructure/Services/EntityManagementService.cs(230,33): warning CS8601: Possible null reference assignment. [/home/quasar/src/hackyeah/HackYeah2025-Hackaton/backend/UknfCommunicationPlatform.Infrastructure/UknfCommunicationPlatform.Infrastructure.csproj]
/home/quasar/src/hackyeah/HackYeah2025-Hackaton/backend/UknfCommunicationPlatform.Infrastructure/Services/EntityManagementService.cs(232,29): warning CS8601: Possible null reference assignment. [/home/quasar/src/hackyeah/HackYeah2025-Hackaton/backend/UknfCommunicationPlatform.Infrastructure/UknfCommunicationPlatform.Infrastructure.csproj]
/home/quasar/src/hackyeah/HackYeah2025-Hackaton/backend/UknfCommunicationPlatform.Infrastructure/Services/EntityManagementService.cs(233,23): warning CS8601: Possible null reference assignment. [/home/quasar/src/hackyeah/HackYeah2025-Hackaton/backend/UknfCommunicationPlatform.Infrastructure/UknfCommunicationPlatform.Infrastructure.csproj]
/home/quasar/src/hackyeah/HackYeah2025-Hackaton/backend/UknfCommunicationPlatform.Infrastructure/Services/EntityManagementService.cs(236,24): warning CS8601: Possible null reference assignment. [/home/quasar/src/hackyeah/HackYeah2025-Hackaton/backend/UknfCommunicationPlatform.Infrastructure/UknfCommunicationPlatform.Infrastructure.csproj]
/home/quasar/src/hackyeah/HackYeah2025-Hackaton/backend/UknfCommunicationPlatform.Infrastructure/Data/DatabaseSeeder.cs(136,41): warning EF1002: Method 'ExecuteSqlRawAsync' inserts interpolated strings directly into the SQL, without any protection against SQL injection. Consider using 'ExecuteSqlAsync' instead, which protects against SQL injection, or make sure that the value is sanitized and suppress the warning. [/home/quasar/src/hackyeah/HackYeah2025-Hackaton/backend/UknfCommunicationPlatform.Infrastructure/UknfCommunicationPlatform.Infrastructure.csproj]
/home/quasar/src/hackyeah/HackYeah2025-Hackaton/backend/UknfCommunicationPlatform.Tests.Unit/Controllers/EntitiesControllerTests.cs(180,20): warning CS8602: Dereference of a possibly null reference. [/home/quasar/src/hackyeah/HackYeah2025-Hackaton/backend/UknfCommunicationPlatform.Tests.Unit/UknfCommunicationPlatform.Tests.Unit.csproj]
/home/quasar/src/hackyeah/HackYeah2025-Hackaton/backend/UknfCommunicationPlatform.Tests.Unit/Controllers/EntitiesControllerTests.cs(199,20): warning CS8602: Dereference of a possibly null reference. [/home/quasar/src/hackyeah/HackYeah2025-Hackaton/backend/UknfCommunicationPlatform.Tests.Unit/UknfCommunicationPlatform.Tests.Unit.csproj]
/home/quasar/src/hackyeah/HackYeah2025-Hackaton/backend/UknfCommunicationPlatform.Tests.Unit/Controllers/EntitiesControllerTests.cs(215,20): warning CS8602: Dereference of a possibly null reference. [/home/quasar/src/hackyeah/HackYeah2025-Hackaton/backend/UknfCommunicationPlatform.Tests.Unit/UknfCommunicationPlatform.Tests.Unit.csproj]
/home/quasar/src/hackyeah/HackYeah2025-Hackaton/backend/UknfCommunicationPlatform.Tests.Unit/Controllers/EntitiesControllerTests.cs(231,20): warning CS8602: Dereference of a possibly null reference. [/home/quasar/src/hackyeah/HackYeah2025-Hackaton/backend/UknfCommunicationPlatform.Tests.Unit/UknfCommunicationPlatform.Tests.Unit.csproj]
/home/quasar/src/hackyeah/HackYeah2025-Hackaton/backend/UknfCommunicationPlatform.Tests.Unit/Controllers/EntitiesControllerTests.cs(247,26): warning CS8602: Dereference of a possibly null reference. [/home/quasar/src/hackyeah/HackYeah2025-Hackaton/backend/UknfCommunicationPlatform.Tests.Unit/UknfCommunicationPlatform.Tests.Unit.csproj]
/home/quasar/src/hackyeah/HackYeah2025-Hackaton/backend/UknfCommunicationPlatform.Tests.Unit/Controllers/EntitiesControllerTests.cs(263,26): warning CS8602: Dereference of a possibly null reference. [/home/quasar/src/hackyeah/HackYeah2025-Hackaton/backend/UknfCommunicationPlatform.Tests.Unit/UknfCommunicationPlatform.Tests.Unit.csproj]
/home/quasar/src/hackyeah/HackYeah2025-Hackaton/backend/UknfCommunicationPlatform.Tests.Unit/Controllers/EntitiesControllerTests.cs(578,27): warning CS8602: Dereference of a possibly null reference. [/home/quasar/src/hackyeah/HackYeah2025-Hackaton/backend/UknfCommunicationPlatform.Tests.Unit/UknfCommunicationPlatform.Tests.Unit.csproj]
/home/quasar/src/hackyeah/HackYeah2025-Hackaton/backend/UknfCommunicationPlatform.Tests.Unit/Controllers/EntitiesControllerTests.cs(584,27): warning CS8602: Dereference of a possibly null reference. [/home/quasar/src/hackyeah/HackYeah2025-Hackaton/backend/UknfCommunicationPlatform.Tests.Unit/UknfCommunicationPlatform.Tests.Unit.csproj]
/home/quasar/src/hackyeah/HackYeah2025-Hackaton/backend/UknfCommunicationPlatform.Tests.Unit/Controllers/EntitiesControllerTests.cs(599,20): warning CS8602: Dereference of a possibly null reference. [/home/quasar/src/hackyeah/HackYeah2025-Hackaton/backend/UknfCommunicationPlatform.Tests.Unit/UknfCommunicationPlatform.Tests.Unit.csproj]
    22 Warning(s)
    0 Error(s)

Time Elapsed 00:00:03.40
